#
# A fatal error has been detected by the Java Runtime Environment:
#
#  EXCEPTION_ACCESS_VIOLATION (0xc0000005) at pc=0x00007ffb95256783, pid=17804, tid=16560
#
# JRE version: OpenJDK Runtime Environment Microsoft-13877129 (17.0.19+10) (build 17.0.19+10-LTS)
# Java VM: OpenJDK 64-Bit Server VM Microsoft-13877129 (17.0.19+10-LTS, mixed mode, sharing, tiered, compressed oops, compressed class ptrs, g1 gc, windows-amd64)
# Problematic frame:
# C  [nvoglv64.dll+0xbf6783]
#
# No core dump will be written. Minidumps are not enabled by default on client versions of Windows
#
# If you would like to submit a bug report, please visit:
#   https://github.com/microsoft/openjdk/issues
# The crash happened outside the Java Virtual Machine in native code.
# See problematic frame for where to report the bug.
#

---------------  S U M M A R Y ------------

Command Line: -Dfile.encoding=UTF-8 -Duser.country=ES -Duser.language=es -Duser.variant engine.MainKt

Host: Intel(R) Core(TM) i5-10300H CPU @ 2.50GHz, 8 cores, 15G,  Windows 11 , 64 bit Build 26100 (10.0.26100.8328)
Time: Wed May 27 22:45:41 2026 Hora est. Sudamérica Pacífico elapsed time: 3.605434 seconds (0d 0h 0m 3s)

---------------  T H R E A D  ---------------

Current thread (0x0000016487dce7e0):  JavaThread "main" [_thread_in_native, id=16560, stack(0x00000062ef300000,0x00000062ef400000)]

Stack: [0x00000062ef300000,0x00000062ef400000],  sp=0x00000062ef3fec50,  free space=1019k
Native frames: (J=compiled Java code, j=interpreted, Vv=VM code, C=native code)
C  [nvoglv64.dll+0xbf6783]  (no source info available)

Java frames: (J=compiled Java code, j=interpreted, Vv=VM code)
j  org.lwjgl.opengl.GL11C.nglDrawElements(IIIJ)V+0
j  org.lwjgl.opengl.GL11C.glDrawElements(IIIJ)V+4
j  org.lwjgl.opengl.GL11.glDrawElements(IIIJ)V+4
j  engine.rendering.Skybox.draw(Lglm_/mat4x4/Mat4;Lglm_/mat4x4/Mat4;)V+67
j  engine.systems.RenderSystem.render()V+80
j  engine.MainKt.main()V+188
j  engine.MainKt.main([Ljava/lang/String;)V+0
v  ~StubRoutines::call_stub

siginfo: EXCEPTION_ACCESS_VIOLATION (0xc0000005), reading address 0x0000000000000000


Registers:
RAX=0x0000000000000000, RBX=0x00000164f4caa63c, RCX=0x00000164f4caa694, RDX=0x0000000000000017
RSP=0x00000062ef3fec50, RBP=0x0000000000000012, RSI=0x0000000000000000, RDI=0x0000000000000000
R8 =0x00000164f2b4a0f0, R9 =0x0000000000000024, R10=0x0000000000000000, R11=0x0000000000000000
R12=0x000000000000064b, R13=0x00000164f6c20000, R14=0x0000000000000000, R15=0x0000000000000000
RIP=0x00007ffb95256783, EFLAGS=0x0000000000010246

XMM[0]=0x0000000000c00000 0x0000000000000000
XMM[1]=0x0000000000000000 0x00c0000000000000
XMM[2]=0x0000000000000000 0x0000000000c00000
XMM[3]=0x000fc00000000000 0x0000000000007918
XMM[4]=0x0000000000000000 0x0000000000000000
XMM[5]=0x0000000000000000 0x0000000000000000
XMM[6]=0x0000000000000000 0x0000000000000000
XMM[7]=0x0000000000000000 0x0000000000000000
XMM[8]=0x0000000000000000 0x0000000080000000
XMM[9]=0x0000000000000000 0x000000003f800000
XMM[10]=0x0000000000000000 0x0000000080000000
XMM[11]=0x0000000000000000 0x0000000000000000
XMM[12]=0x0000000000000000 0x000000003f800000
XMM[13]=0x0000000000000000 0x0000000000000000
XMM[14]=0x0000000000000000 0x000000003f800000
XMM[15]=0x0000000000000000 0x000000003f800000
  MXCSR=0x00001fa2


Register to memory mapping:

RIP=0x00007ffb95256783 nvoglv64.dll
RAX=0x0 is NULL
RBX=0x00000164f4caa63c points into unknown readable memory: 40 00 00 00
RCX=0x00000164f4caa694 points into unknown readable memory: 34 62 04 20
RDX=0x0000000000000017 is an unknown value
RSP=0x00000062ef3fec50 is pointing into the stack for thread: 0x0000016487dce7e0
RBP=0x0000000000000012 is an unknown value
RSI=0x0 is NULL
RDI=0x0 is NULL
R8 =0x00000164f2b4a0f0 points into unknown readable memory: 0x0000000001000000 | 00 00 00 01 00 00 00 00
R9 =0x0000000000000024 is an unknown value
R10=0x0 is NULL
R11=0x0 is NULL
R12=0x000000000000064b is an unknown value
R13=0x00000164f6c20000 points into unknown readable memory: 0x00000164f2a3d630 | 30 d6 a3 f2 64 01 00 00
R14=0x0 is NULL
R15=0x0 is NULL


Top of Stack: (sp=0x00000062ef3fec50)
0x00000062ef3fec50:   00000164f2b4a0f0 00000164f6c20000
0x00000062ef3fec60:   00000062ef3fed00 00007ffb94b04837
0x00000062ef3fec70:   00000164fa808bc8 0000000000000002
0x00000062ef3fec80:   00000164ee591100 0000000000000004
0x00000062ef3fec90:   00000164f6c9efcc 00007ffb9524caf1
0x00000062ef3feca0:   0000000000000024 0000000000000000
0x00000062ef3fecb0:   00000164f6c20000 0000000000000001
0x00000062ef3fecc0:   0000000000000000 00007ffb00000000
0x00000062ef3fecd0:   0000000000000000 0000000000000000
0x00000062ef3fece0:   0000000000000001 0000000094b0480d
0x00000062ef3fecf0:   00000164f2b4a0f0 00000164f2b4a0f0
0x00000062ef3fed00:   00000164fa931770 0000000000000010
0x00000062ef3fed10:   0000000000000024 00007ffb95220282
0x00000062ef3fed20:   00000164f6c20000 00000164f2b7bd40
0x00000062ef3fed30:   00000164f6c20228 00000164f6c20228
0x00000062ef3fed40:   0000000000000002 00000164f6c6c250
0x00000062ef3fed50:   00000164f6c20000 00007ffb9521a296
0x00000062ef3fed60:   00000164f2b4a0f0 0000000000000001
0x00000062ef3fed70:   0000000000000024 00000164f2b4a0f0
0x00000062ef3fed80:   00000164f2a3d630 00000000000000b8
0x00000062ef3fed90:   4a02d7b71359d1a3 459709eac466d69d
0x00000062ef3feda0:   99703030855c99fc 134e04502df76936
0x00000062ef3fedb0:   76bef1a8047d1c13 3bfadb02bbe99d81
0x00000062ef3fedc0:   d3ffc5dfc85ae250 f03fe2104836ac15
0x00000062ef3fedd0:   db7eb34cb8e9defb 1ab3413a635a17c9
0x00000062ef3fede0:   e47c533349bbe080 1e653ef5e17781b6
0x00000062ef3fedf0:   0000000000000001 00000164f2b4a0f0
0x00000062ef3fee00:   0000000000000001 0000000000000010
0x00000062ef3fee10:   00000164ee591130 0000000000000000
0x00000062ef3fee20:   0000000000000004 00000164f6c20000
0x00000062ef3fee30:   0000000000001405 00007ffb94df45b9
0x00000062ef3fee40:   0000000000000001 00000164f6c20000 

Instructions: (pc=0x00007ffb95256783)
0x00007ffb95256683:   48 3b f8 72 05 45 33 ff eb 19 4a 8d 0c 3f 48 3b
0x00007ffb95256693:   c8 76 10 48 2b c7 48 99 83 e2 03 4c 8d 3c 02 49
0x00007ffb952566a3:   c1 ff 02 45 2b f7 41 83 bd c8 ef 07 00 00 74 19
0x00007ffb952566b3:   b9 64 0e 01 00 0f ba e9 1d 89 0b 41 8b 85 c8 ef
0x00007ffb952566c3:   07 00 89 43 04 48 83 c3 08 b8 86 05 01 00 89 6b
0x00007ffb952566d3:   04 0f ba e8 1d 41 bc 7a 05 01 00 89 03 48 83 c3
0x00007ffb952566e3:   08 41 f6 c7 01 74 1b 41 8b c4 0f ba e8 1d 89 03
0x00007ffb952566f3:   8b 0f 48 83 c7 04 03 ce 89 4b 04 48 83 c3 08 41
0x00007ffb95256703:   ff cf 41 d1 ff bd 4b 06 00 00 0f 84 a0 00 00 00
0x00007ffb95256713:   44 8b e5 66 66 0f 1f 84 00 00 00 00 00 4d 8b 85
0x00007ffb95256723:   30 c2 04 00 45 3b fc 41 8b ef 41 0f 4f ec 8d 55
0x00007ffb95256733:   05 48 63 c2 48 8d 0c 83 49 3b 88 88 00 00 00 72
0x00007ffb95256743:   24 49 89 98 80 00 00 00 45 33 c0 49 8b 8d 30 c2
0x00007ffb95256753:   04 00 e8 d6 19 f7 ff 49 8b 9d 30 c2 04 00 48 8b
0x00007ffb95256763:   9b 80 00 00 00 8b c5 25 ff 1f 00 00 c1 e0 10 0d
0x00007ffb95256773:   7c 05 00 60 89 03 48 83 c3 04 44 2b fd 0f b7 c6
0x00007ffb95256783:   66 03 07 66 89 03 0f b7 c6 66 03 47 04 48 83 c7
0x00007ffb95256793:   08 66 89 43 02 48 83 c3 04 83 ed 01 75 df 45 85
0x00007ffb952567a3:   ff 0f 85 76 ff ff ff 41 8b ec 41 bc 7a 05 01 00
0x00007ffb952567b3:   4c 8b 7c 24 20 41 f6 c6 01 74 12 41 0f ba ec 1d
0x00007ffb952567c3:   89 73 04 44 89 23 48 83 c3 08 41 ff ce 41 d1 fe
0x00007ffb952567d3:   4c 8b 64 24 38 0f 84 77 00 00 00 66 90 4d 8b 85
0x00007ffb952567e3:   30 c2 04 00 44 3b f5 41 8b fe 0f 4f fd 8d 57 05
0x00007ffb952567f3:   48 63 c2 48 8d 0c 83 49 3b 88 88 00 00 00 72 24
0x00007ffb95256803:   49 89 98 80 00 00 00 45 33 c0 49 8b 8d 30 c2 04
0x00007ffb95256813:   00 e8 17 19 f7 ff 49 8b 9d 30 c2 04 00 48 8b 9b
0x00007ffb95256823:   80 00 00 00 8b c7 25 ff 1f 00 00 c1 e0 10 0d 7c
0x00007ffb95256833:   05 00 60 89 03 48 83 c3 04 44 2b f7 90 66 89 33
0x00007ffb95256843:   66 89 73 02 48 83 c3 04 83 ef 01 75 f0 45 85 f6
0x00007ffb95256853:   75 8b 4c 8b 74 24 28 b8 2a 0d 01 00 48 8b 7c 24
0x00007ffb95256863:   60 0f ba e8 1d 48 8b 74 24 58 48 8b 6c 24 50 89
0x00007ffb95256873:   43 04 c7 03 85 05 00 80 c7 43 08 00 00 00 80 41 


Stack slot to memory mapping:
stack at sp + 0 slots: 0x00000164f2b4a0f0 points into unknown readable memory: 0x0000000001000000 | 00 00 00 01 00 00 00 00
stack at sp + 1 slots: 0x00000164f6c20000 points into unknown readable memory: 0x00000164f2a3d630 | 30 d6 a3 f2 64 01 00 00
stack at sp + 2 slots: 0x00000062ef3fed00 is pointing into the stack for thread: 0x0000016487dce7e0
stack at sp + 3 slots: 0x00007ffb94b04837 nvoglv64.dll
stack at sp + 4 slots: 0x00000164fa808bc8 points into unknown readable memory: 0x0000000000000000 | 00 00 00 00 00 00 00 00
stack at sp + 5 slots: 0x0000000000000002 is an unknown value
stack at sp + 6 slots: 0x00000164ee591100 is pointing into metadata
stack at sp + 7 slots: 0x0000000000000004 is an unknown value


---------------  P R O C E S S  ---------------

Threads class SMR info:
_java_thread_list=0x00000164fa1a4a40, length=12, elements={
0x0000016487dce7e0, 0x00000164f2009870, 0x00000164acf9af00, 0x00000164f201b190,
0x00000164f201fb70, 0x00000164f2020530, 0x00000164f2023510, 0x00000164f20242b0,
0x00000164f2039960, 0x00000164f203b670, 0x00000164f2170070, 0x00000164f21a0810
}

Java Threads: ( => current thread )
=>0x0000016487dce7e0 JavaThread "main" [_thread_in_native, id=16560, stack(0x00000062ef300000,0x00000062ef400000)]
  0x00000164f2009870 JavaThread "Reference Handler" daemon [_thread_blocked, id=4752, stack(0x00000062efa00000,0x00000062efb00000)]
  0x00000164acf9af00 JavaThread "Finalizer" daemon [_thread_blocked, id=18768, stack(0x00000062efb00000,0x00000062efc00000)]
  0x00000164f201b190 JavaThread "Signal Dispatcher" daemon [_thread_blocked, id=16516, stack(0x00000062efc00000,0x00000062efd00000)]
  0x00000164f201fb70 JavaThread "Attach Listener" daemon [_thread_blocked, id=5160, stack(0x00000062efd00000,0x00000062efe00000)]
  0x00000164f2020530 JavaThread "Service Thread" daemon [_thread_blocked, id=2888, stack(0x00000062efe00000,0x00000062eff00000)]
  0x00000164f2023510 JavaThread "Monitor Deflation Thread" daemon [_thread_blocked, id=13092, stack(0x00000062eff00000,0x00000062f0000000)]
  0x00000164f20242b0 JavaThread "C2 CompilerThread0" daemon [_thread_blocked, id=20256, stack(0x00000062f0000000,0x00000062f0100000)]
  0x00000164f2039960 JavaThread "C1 CompilerThread0" daemon [_thread_blocked, id=12120, stack(0x00000062f0100000,0x00000062f0200000)]
  0x00000164f203b670 JavaThread "Sweeper thread" daemon [_thread_blocked, id=17440, stack(0x00000062f0200000,0x00000062f0300000)]
  0x00000164f2170070 JavaThread "Notification Thread" daemon [_thread_blocked, id=16640, stack(0x00000062f0300000,0x00000062f0400000)]
  0x00000164f21a0810 JavaThread "Common-Cleaner" daemon [_thread_blocked, id=15028, stack(0x00000062f0500000,0x00000062f0600000)]

Other Threads:
  0x00000164acf96ca0 VMThread "VM Thread" [stack: 0x00000062ef900000,0x00000062efa00000] [id=10380]
  0x00000164f2190560 WatcherThread [stack: 0x00000062f0400000,0x00000062f0500000] [id=3916]
  0x000001648a10ac70 GCTaskThread "GC Thread#0" [stack: 0x00000062ef400000,0x00000062ef500000] [id=5292]
  0x00000164fa726db0 GCTaskThread "GC Thread#1" [stack: 0x00000062f0d00000,0x00000062f0e00000] [id=8500]
  0x00000164fa727080 GCTaskThread "GC Thread#2" [stack: 0x00000062f0e00000,0x00000062f0f00000] [id=20396]
  0x00000164fa727350 GCTaskThread "GC Thread#3" [stack: 0x00000062f1300000,0x00000062f1400000] [id=8700]
  0x00000164fa728750 GCTaskThread "GC Thread#4" [stack: 0x00000062f1400000,0x00000062f1500000] [id=9892]
  0x00000164fa728a20 GCTaskThread "GC Thread#5" [stack: 0x00000062f1500000,0x00000062f1600000] [id=1632]
  0x00000164fa727c10 GCTaskThread "GC Thread#6" [stack: 0x00000062f1600000,0x00000062f1700000] [id=12428]
  0x00000164fa728fc0 GCTaskThread "GC Thread#7" [stack: 0x00000062f1700000,0x00000062f1800000] [id=5636]
  0x000001648a11c6a0 ConcurrentGCThread "G1 Main Marker" [stack: 0x00000062ef500000,0x00000062ef600000] [id=1424]
  0x000001648a11d860 ConcurrentGCThread "G1 Conc#0" [stack: 0x00000062ef600000,0x00000062ef700000] [id=14920]
  0x00000164ace4a5e0 ConcurrentGCThread "G1 Refine#0" [stack: 0x00000062ef700000,0x00000062ef800000] [id=18568]
  0x00000164ace4be40 ConcurrentGCThread "G1 Service" [stack: 0x00000062ef800000,0x00000062ef900000] [id=13932]

Threads with active compile tasks:

VM state: not at safepoint (normal execution)

VM Mutex/Monitor currently owned by a thread: None

Heap address: 0x0000000702000000, size: 4064 MB, Compressed Oops mode: Zero based, Oop shift amount: 3

CDS archive(s) mapped at: [0x00000164ad000000-0x00000164adbb0000-0x00000164adbb0000), size 12255232, SharedBaseAddress: 0x00000164ad000000, ArchiveRelocationMode: 1.
Compressed class space mapped at: 0x00000164ae000000-0x00000164ee000000, reserved size: 1073741824
Narrow klass base: 0x00000164ad000000, Narrow klass shift: 0, Narrow klass range: 0x100000000

GC Precious Log:
 CPUs: 8 total, 8 available
 Memory: 16251M
 Large Page Support: Disabled
 NUMA Support: Disabled
 Compressed Oops: Enabled (Zero based)
 Heap Region Size: 2M
 Heap Min Capacity: 8M
 Heap Initial Capacity: 254M
 Heap Max Capacity: 4064M
 Pre-touch: Disabled
 Parallel Workers: 8
 Concurrent Workers: 2
 Concurrent Refinement Workers: 8
 Periodic GC: Disabled

Heap:
 garbage-first heap   total 260096K, used 227621K [0x0000000702000000, 0x0000000800000000)
  region size 2048K, 15 young (30720K), 2 survivors (4096K)
 Metaspace       used 9869K, committed 10112K, reserved 1114112K
  class space    used 529K, committed 640K, reserved 1048576K

Heap Regions: E=young(eden), S=young(survivor), O=old, HS=humongous(starts), HC=humongous(continues), CS=collection set, F=free, OA=open archive, CA=closed archive, TAMS=top-at-mark-start (previous, next)
|   0|0x0000000702000000, 0x0000000702200000, 0x0000000702200000|100%|HS|  |TAMS 0x0000000702000000, 0x0000000702200000| Complete 
|   1|0x0000000702200000, 0x0000000702400000, 0x0000000702400000|100%|HC|  |TAMS 0x0000000702200000, 0x0000000702400000| Complete 
|   2|0x0000000702400000, 0x0000000702600000, 0x0000000702600000|100%|HC|  |TAMS 0x0000000702400000, 0x0000000702600000| Complete 
|   3|0x0000000702600000, 0x0000000702800000, 0x0000000702800000|100%|HC|  |TAMS 0x0000000702600000, 0x0000000702800000| Complete 
|   4|0x0000000702800000, 0x0000000702a00000, 0x0000000702a00000|100%|HC|  |TAMS 0x0000000702800000, 0x0000000702a00000| Complete 
|   5|0x0000000702a00000, 0x0000000702c00000, 0x0000000702c00000|100%|HC|  |TAMS 0x0000000702a00000, 0x0000000702c00000| Complete 
|   6|0x0000000702c00000, 0x0000000702e00000, 0x0000000702e00000|100%|HC|  |TAMS 0x0000000702c00000, 0x0000000702e00000| Complete 
|   7|0x0000000702e00000, 0x0000000703000000, 0x0000000703000000|100%|HC|  |TAMS 0x0000000702e00000, 0x0000000703000000| Complete 
|   8|0x0000000703000000, 0x0000000703200000, 0x0000000703200000|100%|HC|  |TAMS 0x0000000703000000, 0x0000000703200000| Complete 
|   9|0x0000000703200000, 0x0000000703400000, 0x0000000703400000|100%|HC|  |TAMS 0x0000000703200000, 0x0000000703400000| Complete 
|  10|0x0000000703400000, 0x0000000703600000, 0x0000000703600000|100%|HC|  |TAMS 0x0000000703400000, 0x0000000703600000| Complete 
|  11|0x0000000703600000, 0x0000000703800000, 0x0000000703800000|100%|HC|  |TAMS 0x0000000703600000, 0x0000000703800000| Complete 
|  12|0x0000000703800000, 0x0000000703a00000, 0x0000000703a00000|100%|HC|  |TAMS 0x0000000703800000, 0x0000000703a00000| Complete 
|  13|0x0000000703a00000, 0x0000000703c00000, 0x0000000703c00000|100%|HC|  |TAMS 0x0000000703a00000, 0x0000000703c00000| Complete 
|  14|0x0000000703c00000, 0x0000000703e00000, 0x0000000703e00000|100%|HC|  |TAMS 0x0000000703c00000, 0x0000000703e00000| Complete 
|  15|0x0000000703e00000, 0x0000000704000000, 0x0000000704000000|100%|HC|  |TAMS 0x0000000703e00000, 0x0000000704000000| Complete 
|  16|0x0000000704000000, 0x0000000704200000, 0x0000000704200000|100%|HC|  |TAMS 0x0000000704000000, 0x0000000704200000| Complete 
|  17|0x0000000704200000, 0x0000000704400000, 0x0000000704400000|100%|HC|  |TAMS 0x0000000704200000, 0x0000000704400000| Complete 
|  18|0x0000000704400000, 0x0000000704600000, 0x0000000704600000|100%|HC|  |TAMS 0x0000000704400000, 0x0000000704600000| Complete 
|  19|0x0000000704600000, 0x0000000704800000, 0x0000000704800000|100%|HC|  |TAMS 0x0000000704600000, 0x0000000704800000| Complete 
|  20|0x0000000704800000, 0x0000000704a00000, 0x0000000704a00000|100%|HC|  |TAMS 0x0000000704800000, 0x0000000704a00000| Complete 
|  21|0x0000000704a00000, 0x0000000704c00000, 0x0000000704c00000|100%|HC|  |TAMS 0x0000000704a00000, 0x0000000704c00000| Complete 
|  22|0x0000000704c00000, 0x0000000704e00000, 0x0000000704e00000|100%|HC|  |TAMS 0x0000000704c00000, 0x0000000704e00000| Complete 
|  23|0x0000000704e00000, 0x0000000705000000, 0x0000000705000000|100%|HC|  |TAMS 0x0000000704e00000, 0x0000000705000000| Complete 
|  24|0x0000000705000000, 0x0000000705200000, 0x0000000705200000|100%|HC|  |TAMS 0x0000000705000000, 0x0000000705200000| Complete 
|  25|0x0000000705200000, 0x0000000705400000, 0x0000000705400000|100%|HC|  |TAMS 0x0000000705200000, 0x0000000705400000| Complete 
|  26|0x0000000705400000, 0x0000000705600000, 0x0000000705600000|100%|HC|  |TAMS 0x0000000705400000, 0x0000000705600000| Complete 
|  27|0x0000000705600000, 0x0000000705800000, 0x0000000705800000|100%|HC|  |TAMS 0x0000000705600000, 0x0000000705800000| Complete 
|  28|0x0000000705800000, 0x0000000705a00000, 0x0000000705a00000|100%|HC|  |TAMS 0x0000000705800000, 0x0000000705a00000| Complete 
|  29|0x0000000705a00000, 0x0000000705c00000, 0x0000000705c00000|100%|HC|  |TAMS 0x0000000705a00000, 0x0000000705c00000| Complete 
|  30|0x0000000705c00000, 0x0000000705e00000, 0x0000000705e00000|100%|HC|  |TAMS 0x0000000705c00000, 0x0000000705e00000| Complete 
|  31|0x0000000705e00000, 0x0000000706000000, 0x0000000706000000|100%|HC|  |TAMS 0x0000000705e00000, 0x0000000706000000| Complete 
|  32|0x0000000706000000, 0x0000000706200000, 0x0000000706200000|100%|HC|  |TAMS 0x0000000706000000, 0x0000000706200000| Complete 
|  33|0x0000000706200000, 0x0000000706400000, 0x0000000706400000|100%|HC|  |TAMS 0x0000000706200000, 0x0000000706400000| Complete 
|  34|0x0000000706400000, 0x0000000706600000, 0x0000000706600000|100%|HC|  |TAMS 0x0000000706400000, 0x0000000706600000| Complete 
|  35|0x0000000706600000, 0x0000000706800000, 0x0000000706800000|100%|HC|  |TAMS 0x0000000706600000, 0x0000000706800000| Complete 
|  36|0x0000000706800000, 0x0000000706a00000, 0x0000000706a00000|100%|HC|  |TAMS 0x0000000706800000, 0x0000000706a00000| Complete 
|  37|0x0000000706a00000, 0x0000000706c00000, 0x0000000706c00000|100%|HC|  |TAMS 0x0000000706a00000, 0x0000000706c00000| Complete 
|  38|0x0000000706c00000, 0x0000000706e00000, 0x0000000706e00000|100%|HC|  |TAMS 0x0000000706c00000, 0x0000000706e00000| Complete 
|  39|0x0000000706e00000, 0x0000000707000000, 0x0000000707000000|100%|HC|  |TAMS 0x0000000706e00000, 0x0000000707000000| Complete 
|  40|0x0000000707000000, 0x0000000707200000, 0x0000000707200000|100%|HC|  |TAMS 0x0000000707000000, 0x0000000707200000| Complete 
|  41|0x0000000707200000, 0x0000000707400000, 0x0000000707400000|100%|HC|  |TAMS 0x0000000707200000, 0x0000000707400000| Complete 
|  42|0x0000000707400000, 0x0000000707600000, 0x0000000707600000|100%|HC|  |TAMS 0x0000000707400000, 0x0000000707600000| Complete 
|  43|0x0000000707600000, 0x0000000707800000, 0x0000000707800000|100%|HC|  |TAMS 0x0000000707600000, 0x0000000707800000| Complete 
|  44|0x0000000707800000, 0x0000000707a00000, 0x0000000707a00000|100%|HC|  |TAMS 0x0000000707800000, 0x0000000707a00000| Complete 
|  45|0x0000000707a00000, 0x0000000707c00000, 0x0000000707c00000|100%|HC|  |TAMS 0x0000000707a00000, 0x0000000707c00000| Complete 
|  46|0x0000000707c00000, 0x0000000707e00000, 0x0000000707e00000|100%|HC|  |TAMS 0x0000000707c00000, 0x0000000707e00000| Complete 
|  47|0x0000000707e00000, 0x0000000708000000, 0x0000000708000000|100%|HC|  |TAMS 0x0000000707e00000, 0x0000000708000000| Complete 
|  48|0x0000000708000000, 0x0000000708200000, 0x0000000708200000|100%|HC|  |TAMS 0x0000000708000000, 0x0000000708200000| Complete 
|  49|0x0000000708200000, 0x0000000708400000, 0x0000000708400000|100%|HS|  |TAMS 0x0000000708200000, 0x0000000708200000| Complete 
|  50|0x0000000708400000, 0x0000000708600000, 0x0000000708600000|100%|HC|  |TAMS 0x0000000708400000, 0x0000000708400000| Complete 
|  51|0x0000000708600000, 0x0000000708800000, 0x0000000708800000|100%|HC|  |TAMS 0x0000000708600000, 0x0000000708600000| Complete 
|  52|0x0000000708800000, 0x0000000708a00000, 0x0000000708a00000|100%|HC|  |TAMS 0x0000000708800000, 0x0000000708800000| Complete 
|  53|0x0000000708a00000, 0x0000000708c00000, 0x0000000708c00000|100%|HC|  |TAMS 0x0000000708a00000, 0x0000000708a00000| Complete 
|  54|0x0000000708c00000, 0x0000000708e00000, 0x0000000708e00000|100%|HC|  |TAMS 0x0000000708c00000, 0x0000000708c00000| Complete 
|  55|0x0000000708e00000, 0x0000000709000000, 0x0000000709000000|100%|HC|  |TAMS 0x0000000708e00000, 0x0000000708e00000| Complete 
|  56|0x0000000709000000, 0x0000000709200000, 0x0000000709200000|100%|HC|  |TAMS 0x0000000709000000, 0x0000000709000000| Complete 
|  57|0x0000000709200000, 0x0000000709400000, 0x0000000709400000|100%|HC|  |TAMS 0x0000000709200000, 0x0000000709200000| Complete 
|  58|0x0000000709400000, 0x0000000709600000, 0x0000000709600000|100%|HC|  |TAMS 0x0000000709400000, 0x0000000709400000| Complete 
|  59|0x0000000709600000, 0x0000000709800000, 0x0000000709800000|100%|HC|  |TAMS 0x0000000709600000, 0x0000000709600000| Complete 
|  60|0x0000000709800000, 0x0000000709a00000, 0x0000000709a00000|100%|HC|  |TAMS 0x0000000709800000, 0x0000000709800000| Complete 
|  61|0x0000000709a00000, 0x0000000709c00000, 0x0000000709c00000|100%|HC|  |TAMS 0x0000000709a00000, 0x0000000709a00000| Complete 
|  62|0x0000000709c00000, 0x0000000709e00000, 0x0000000709e00000|100%|HC|  |TAMS 0x0000000709c00000, 0x0000000709c00000| Complete 
|  63|0x0000000709e00000, 0x000000070a000000, 0x000000070a000000|100%|HC|  |TAMS 0x0000000709e00000, 0x0000000709e00000| Complete 
|  64|0x000000070a000000, 0x000000070a200000, 0x000000070a200000|100%|HC|  |TAMS 0x000000070a000000, 0x000000070a000000| Complete 
|  65|0x000000070a200000, 0x000000070a400000, 0x000000070a400000|100%|HC|  |TAMS 0x000000070a200000, 0x000000070a200000| Complete 
|  66|0x000000070a400000, 0x000000070a600000, 0x000000070a600000|100%|HC|  |TAMS 0x000000070a400000, 0x000000070a400000| Complete 
|  67|0x000000070a600000, 0x000000070a800000, 0x000000070a800000|100%|HC|  |TAMS 0x000000070a600000, 0x000000070a600000| Complete 
|  68|0x000000070a800000, 0x000000070aa00000, 0x000000070aa00000|100%|HC|  |TAMS 0x000000070a800000, 0x000000070a800000| Complete 
|  69|0x000000070aa00000, 0x000000070ac00000, 0x000000070ac00000|100%|HC|  |TAMS 0x000000070aa00000, 0x000000070aa00000| Complete 
|  70|0x000000070ac00000, 0x000000070ae00000, 0x000000070ae00000|100%|HC|  |TAMS 0x000000070ac00000, 0x000000070ac00000| Complete 
|  71|0x000000070ae00000, 0x000000070b000000, 0x000000070b000000|100%|HC|  |TAMS 0x000000070ae00000, 0x000000070ae00000| Complete 
|  72|0x000000070b000000, 0x000000070b200000, 0x000000070b200000|100%|HC|  |TAMS 0x000000070b000000, 0x000000070b000000| Complete 
|  73|0x000000070b200000, 0x000000070b400000, 0x000000070b400000|100%|HC|  |TAMS 0x000000070b200000, 0x000000070b200000| Complete 
|  74|0x000000070b400000, 0x000000070b600000, 0x000000070b600000|100%|HC|  |TAMS 0x000000070b400000, 0x000000070b400000| Complete 
|  75|0x000000070b600000, 0x000000070b800000, 0x000000070b800000|100%|HC|  |TAMS 0x000000070b600000, 0x000000070b600000| Complete 
|  76|0x000000070b800000, 0x000000070ba00000, 0x000000070ba00000|100%|HC|  |TAMS 0x000000070b800000, 0x000000070b800000| Complete 
|  77|0x000000070ba00000, 0x000000070bc00000, 0x000000070bc00000|100%|HC|  |TAMS 0x000000070ba00000, 0x000000070ba00000| Complete 
|  78|0x000000070bc00000, 0x000000070be00000, 0x000000070be00000|100%|HC|  |TAMS 0x000000070bc00000, 0x000000070bc00000| Complete 
|  79|0x000000070be00000, 0x000000070c000000, 0x000000070c000000|100%|HC|  |TAMS 0x000000070be00000, 0x000000070be00000| Complete 
|  80|0x000000070c000000, 0x000000070c200000, 0x000000070c200000|100%|HC|  |TAMS 0x000000070c000000, 0x000000070c000000| Complete 
|  81|0x000000070c200000, 0x000000070c400000, 0x000000070c400000|100%|HC|  |TAMS 0x000000070c200000, 0x000000070c200000| Complete 
|  82|0x000000070c400000, 0x000000070c600000, 0x000000070c600000|100%|HC|  |TAMS 0x000000070c400000, 0x000000070c400000| Complete 
|  83|0x000000070c600000, 0x000000070c800000, 0x000000070c800000|100%|HC|  |TAMS 0x000000070c600000, 0x000000070c600000| Complete 
|  84|0x000000070c800000, 0x000000070ca00000, 0x000000070ca00000|100%|HC|  |TAMS 0x000000070c800000, 0x000000070c800000| Complete 
|  85|0x000000070ca00000, 0x000000070cc00000, 0x000000070cc00000|100%|HC|  |TAMS 0x000000070ca00000, 0x000000070ca00000| Complete 
|  86|0x000000070cc00000, 0x000000070ce00000, 0x000000070ce00000|100%|HC|  |TAMS 0x000000070cc00000, 0x000000070cc00000| Complete 
|  87|0x000000070ce00000, 0x000000070d000000, 0x000000070d000000|100%|HC|  |TAMS 0x000000070ce00000, 0x000000070ce00000| Complete 
|  88|0x000000070d000000, 0x000000070d200000, 0x000000070d200000|100%|HC|  |TAMS 0x000000070d000000, 0x000000070d000000| Complete 
|  89|0x000000070d200000, 0x000000070d400000, 0x000000070d400000|100%|HC|  |TAMS 0x000000070d200000, 0x000000070d200000| Complete 
|  90|0x000000070d400000, 0x000000070d600000, 0x000000070d600000|100%|HC|  |TAMS 0x000000070d400000, 0x000000070d400000| Complete 
|  91|0x000000070d600000, 0x000000070d800000, 0x000000070d800000|100%|HC|  |TAMS 0x000000070d600000, 0x000000070d600000| Complete 
|  92|0x000000070d800000, 0x000000070da00000, 0x000000070da00000|100%|HC|  |TAMS 0x000000070d800000, 0x000000070d800000| Complete 
|  93|0x000000070da00000, 0x000000070dc00000, 0x000000070dc00000|100%|HC|  |TAMS 0x000000070da00000, 0x000000070da00000| Complete 
|  94|0x000000070dc00000, 0x000000070de00000, 0x000000070de00000|100%|HC|  |TAMS 0x000000070dc00000, 0x000000070dc00000| Complete 
|  95|0x000000070de00000, 0x000000070e000000, 0x000000070e000000|100%|HC|  |TAMS 0x000000070de00000, 0x000000070de00000| Complete 
|  96|0x000000070e000000, 0x000000070e200000, 0x000000070e200000|100%|HC|  |TAMS 0x000000070e000000, 0x000000070e000000| Complete 
|  97|0x000000070e200000, 0x000000070e400000, 0x000000070e400000|100%|HC|  |TAMS 0x000000070e200000, 0x000000070e200000| Complete 
|  98|0x000000070e400000, 0x000000070e400000, 0x000000070e600000|  0%| F|  |TAMS 0x000000070e400000, 0x000000070e400000| Untracked 
|  99|0x000000070e600000, 0x000000070e600000, 0x000000070e800000|  0%| F|  |TAMS 0x000000070e600000, 0x000000070e600000| Untracked 
| 100|0x000000070e800000, 0x000000070e800000, 0x000000070ea00000|  0%| F|  |TAMS 0x000000070e800000, 0x000000070e800000| Untracked 
| 101|0x000000070ea00000, 0x000000070ea00000, 0x000000070ec00000|  0%| F|  |TAMS 0x000000070ea00000, 0x000000070ea00000| Untracked 
| 102|0x000000070ec00000, 0x000000070ec00000, 0x000000070ee00000|  0%| F|  |TAMS 0x000000070ec00000, 0x000000070ec00000| Untracked 
| 103|0x000000070ee00000, 0x000000070ee00000, 0x000000070f000000|  0%| F|  |TAMS 0x000000070ee00000, 0x000000070ee00000| Untracked 
| 104|0x000000070f000000, 0x000000070f000000, 0x000000070f200000|  0%| F|  |TAMS 0x000000070f000000, 0x000000070f000000| Untracked 
| 105|0x000000070f200000, 0x000000070f200000, 0x000000070f400000|  0%| F|  |TAMS 0x000000070f200000, 0x000000070f200000| Untracked 
| 106|0x000000070f400000, 0x000000070f400000, 0x000000070f600000|  0%| F|  |TAMS 0x000000070f400000, 0x000000070f400000| Untracked 
| 107|0x000000070f600000, 0x000000070f600000, 0x000000070f800000|  0%| F|  |TAMS 0x000000070f600000, 0x000000070f600000| Untracked 
| 108|0x000000070f800000, 0x000000070f800000, 0x000000070fa00000|  0%| F|  |TAMS 0x000000070f800000, 0x000000070f800000| Untracked 
| 109|0x000000070fa00000, 0x000000070fa00000, 0x000000070fc00000|  0%| F|  |TAMS 0x000000070fa00000, 0x000000070fa00000| Untracked 
| 110|0x000000070fc00000, 0x000000070fc00000, 0x000000070fe00000|  0%| F|  |TAMS 0x000000070fc00000, 0x000000070fc00000| Untracked 
| 111|0x000000070fe00000, 0x000000070fe00000, 0x0000000710000000|  0%| F|  |TAMS 0x000000070fe00000, 0x000000070fe00000| Untracked 
| 112|0x0000000710000000, 0x0000000710100000, 0x0000000710200000| 50%| E|  |TAMS 0x0000000710000000, 0x0000000710000000| Complete 
| 113|0x0000000710200000, 0x0000000710400000, 0x0000000710400000|100%| E|CS|TAMS 0x0000000710200000, 0x0000000710200000| Complete 
| 114|0x0000000710400000, 0x0000000710600000, 0x0000000710600000|100%| E|CS|TAMS 0x0000000710400000, 0x0000000710400000| Complete 
| 115|0x0000000710600000, 0x0000000710800000, 0x0000000710800000|100%| E|CS|TAMS 0x0000000710600000, 0x0000000710600000| Complete 
| 116|0x0000000710800000, 0x0000000710a00000, 0x0000000710a00000|100%| E|CS|TAMS 0x0000000710800000, 0x0000000710800000| Complete 
| 117|0x0000000710a00000, 0x0000000710c00000, 0x0000000710c00000|100%| E|CS|TAMS 0x0000000710a00000, 0x0000000710a00000| Complete 
| 118|0x0000000710c00000, 0x0000000710e00000, 0x0000000710e00000|100%| E|CS|TAMS 0x0000000710c00000, 0x0000000710c00000| Complete 
| 119|0x0000000710e00000, 0x0000000711000000, 0x0000000711000000|100%| E|CS|TAMS 0x0000000710e00000, 0x0000000710e00000| Complete 
| 120|0x0000000711000000, 0x0000000711200000, 0x0000000711200000|100%| E|CS|TAMS 0x0000000711000000, 0x0000000711000000| Complete 
| 121|0x0000000711200000, 0x0000000711400000, 0x0000000711400000|100%| E|CS|TAMS 0x0000000711200000, 0x0000000711200000| Complete 
| 122|0x0000000711400000, 0x0000000711600000, 0x0000000711600000|100%| E|CS|TAMS 0x0000000711400000, 0x0000000711400000| Complete 
| 123|0x0000000711600000, 0x00000007116495c0, 0x0000000711800000| 14%| S|CS|TAMS 0x0000000711600000, 0x0000000711600000| Complete 
| 124|0x0000000711800000, 0x0000000711a00000, 0x0000000711a00000|100%| S|CS|TAMS 0x0000000711800000, 0x0000000711800000| Complete 
| 125|0x0000000711a00000, 0x0000000711c00000, 0x0000000711c00000|100%| E|CS|TAMS 0x0000000711a00000, 0x0000000711a00000| Complete 
| 126|0x0000000711c00000, 0x0000000711e00000, 0x0000000711e00000|100%| E|CS|TAMS 0x0000000711c00000, 0x0000000711c00000| Complete 

Card table byte_map: [0x00000164a1640000,0x00000164a1e30000] _byte_map_base: 0x000001649de30000

Marking Bits (Prev, Next): (CMBitMap*) 0x000001648a10b2a0, (CMBitMap*) 0x000001648a10b2e0
 Prev Bits: [0x00000164a2620000, 0x00000164a65a0000)
 Next Bits: [0x00000164a65a0000, 0x00000164aa520000)

Polling page: 0x0000016487e00000

Metaspace:

Usage:
  Non-class:      9.12 MB used.
      Class:    529.49 KB used.
       Both:      9.64 MB used.

Virtual space:
  Non-class space:       64.00 MB reserved,       9.25 MB ( 14%) committed,  1 nodes.
      Class space:        1.00 GB reserved,     640.00 KB ( <1%) committed,  1 nodes.
             Both:        1.06 GB reserved,       9.88 MB ( <1%) committed. 

Chunk freelists:
   Non-Class:  4.95 MB
       Class:  15.36 MB
        Both:  20.31 MB

MaxMetaspaceSize: unlimited
CompressedClassSpaceSize: 1.00 GB
Initial GC threshold: 21.00 MB
Current GC threshold: 21.00 MB
CDS: on
MetaspaceReclaimPolicy: balanced
 - commit_granule_bytes: 65536.
 - commit_granule_words: 8192.
 - virtual_space_node_default_size: 8388608.
 - enlarge_chunks_in_place: 1.
 - new_chunks_are_fully_committed: 0.
 - uncommit_free_chunks: 1.
 - use_allocation_guard: 0.
 - handle_deallocations: 1.


Internal statistics:

num_allocs_failed_limit: 0.
num_arena_births: 190.
num_arena_deaths: 0.
num_vsnodes_births: 2.
num_vsnodes_deaths: 0.
num_space_committed: 155.
num_space_uncommitted: 0.
num_chunks_returned_to_freelist: 0.
num_chunks_taken_from_freelist: 518.
num_chunk_merges: 0.
num_chunk_splits: 357.
num_chunks_enlarged: 251.
num_inconsistent_stats: 0.

CodeHeap 'non-profiled nmethods': size=120000Kb used=506Kb max_used=506Kb free=119493Kb
 bounds [0x0000016499700000, 0x0000016499970000, 0x00000164a0c30000]
CodeHeap 'profiled nmethods': size=120000Kb used=2616Kb max_used=2616Kb free=117383Kb
 bounds [0x0000016491c30000, 0x0000016491ec0000, 0x0000016499160000]
CodeHeap 'non-nmethods': size=5760Kb used=1712Kb max_used=1729Kb free=4047Kb
 bounds [0x0000016499160000, 0x00000164993d0000, 0x0000016499700000]
 total_blobs=2645 nmethods=1469 adapters=1089
 compilation: enabled
              stopped_count=0, restarted_count=0
 full_count=0

Compilation events (20 events):
Event: 3.580 Thread 0x00000164f2039960 1457       3       java.util.LinkedHashMap$LinkedEntrySet::<init> (10 bytes)
Event: 3.580 Thread 0x00000164f2039960 nmethod 1457 0x0000016491eb7c10 code [0x0000016491eb7dc0, 0x0000016491eb8058]
Event: 3.580 Thread 0x00000164f2039960 1458       3       glm_.mat4x4.operators.mat4x4_operators$DefaultImpls::times (692 bytes)
Event: 3.581 Thread 0x00000164f2039960 nmethod 1458 0x0000016491eb8190 code [0x0000016491eb84e0, 0x0000016491eb9c98]
Event: 3.581 Thread 0x00000164f2039960 1459       3       java.util.HashMap::isEmpty (13 bytes)
Event: 3.581 Thread 0x00000164f2039960 nmethod 1459 0x0000016491eba690 code [0x0000016491eba820, 0x0000016491eba978]
Event: 3.582 Thread 0x00000164f2039960 1460       3       java.lang.invoke.Invokers$Holder::linkToTargetMethod (10 bytes)
Event: 3.582 Thread 0x00000164f2039960 nmethod 1460 0x0000016491ebaa10 code [0x0000016491ebabc0, 0x0000016491ebafb8]
Event: 3.582 Thread 0x00000164f2039960 1461       3       java.lang.invoke.LambdaForm$DMH/0x00000164ae0a0800::newInvokeSpecial (24 bytes)
Event: 3.582 Thread 0x00000164f2039960 nmethod 1461 0x0000016491ebb090 code [0x0000016491ebb280, 0x0000016491ebba48]
Event: 3.582 Thread 0x00000164f2039960 1462       3       java.util.LinkedHashMap$LinkedEntryIterator::next (5 bytes)
Event: 3.582 Thread 0x00000164f2039960 nmethod 1462 0x0000016491ebbc10 code [0x0000016491ebbdc0, 0x0000016491ebbf48]
Event: 3.582 Thread 0x00000164f2039960 1463       3       java.util.LinkedHashMap$LinkedEntryIterator::next (5 bytes)
Event: 3.582 Thread 0x00000164f2039960 nmethod 1463 0x0000016491ebc010 code [0x0000016491ebc1c0, 0x0000016491ebc308]
Event: 3.582 Thread 0x00000164f2039960 1464   !   3       org.lwjgl.opengl.GL20C::glGetUniformLocation (48 bytes)
Event: 3.583 Thread 0x00000164f2039960 nmethod 1464 0x0000016491ebc390 code [0x0000016491ebc5e0, 0x0000016491ebd0d8]
Event: 3.583 Thread 0x00000164f2039960 1467       3       java.util.LinkedHashMap$LinkedEntrySet::iterator (12 bytes)
Event: 3.584 Thread 0x00000164f2039960 nmethod 1467 0x0000016491ebd490 code [0x0000016491ebd660, 0x0000016491ebda38]
Event: 3.584 Thread 0x00000164f2039960 1468       3       java.util.LinkedHashMap$LinkedEntryIterator::<init> (11 bytes)
Event: 3.584 Thread 0x00000164f2039960 nmethod 1468 0x0000016491ebdb90 code [0x0000016491ebdd40, 0x0000016491ebe078]

GC Heap History (4 events):
Event: 1.181 GC heap before
{Heap before GC invocations=0 (full 0):
 garbage-first heap   total 260096K, used 20480K [0x0000000702000000, 0x0000000800000000)
  region size 2048K, 11 young (22528K), 0 survivors (0K)
 Metaspace       used 8930K, committed 9024K, reserved 1114112K
  class space    used 455K, committed 512K, reserved 1048576K
}
Event: 1.184 GC heap after
{Heap after GC invocations=1 (full 0):
 garbage-first heap   total 260096K, used 2218K [0x0000000702000000, 0x0000000800000000)
  region size 2048K, 2 young (4096K), 2 survivors (4096K)
 Metaspace       used 8930K, committed 9024K, reserved 1114112K
  class space    used 455K, committed 512K, reserved 1048576K
}
Event: 1.363 GC heap before
{Heap before GC invocations=1 (full 0):
 garbage-first heap   total 260096K, used 104618K [0x0000000702000000, 0x0000000800000000)
  region size 2048K, 4 young (8192K), 2 survivors (4096K)
 Metaspace       used 9211K, committed 9408K, reserved 1114112K
  class space    used 472K, committed 576K, reserved 1048576K
}
Event: 1.366 GC heap after
{Heap after GC invocations=2 (full 0):
 garbage-first heap   total 260096K, used 102693K [0x0000000702000000, 0x0000000800000000)
  region size 2048K, 2 young (4096K), 2 survivors (4096K)
 Metaspace       used 9211K, committed 9408K, reserved 1114112K
  class space    used 472K, committed 576K, reserved 1048576K
}

Dll operation events (9 events):
Event: 0.013 Loaded shared library C:\Users\sarao\.jdks\ms-17.0.19\bin\java.dll
Event: 0.033 Loaded shared library C:\Users\sarao\.jdks\ms-17.0.19\bin\jsvml.dll
Event: 0.123 Loaded shared library C:\Users\sarao\.jdks\ms-17.0.19\bin\net.dll
Event: 0.126 Loaded shared library C:\Users\sarao\.jdks\ms-17.0.19\bin\nio.dll
Event: 0.133 Loaded shared library C:\Users\sarao\.jdks\ms-17.0.19\bin\zip.dll
Event: 0.226 Loaded shared library C:\Users\sarao\.jdks\ms-17.0.19\bin\jimage.dll
Event: 0.253 Loaded shared library C:\Users\sarao\AppData\Local\Temp\lwjgl_sarao\3.3.3+5\x64\lwjgl.dll
Event: 0.585 Loaded shared library C:\Users\sarao\AppData\Local\Temp\lwjgl_sarao\3.3.3+5\x64\lwjgl_opengl.dll
Event: 0.950 Loaded shared library C:\Users\sarao\AppData\Local\Temp\lwjgl_sarao\3.3.3+5\x64\lwjgl_stb.dll

Deoptimization events (20 events):
Event: 1.664 Thread 0x0000016487dce7e0 Uncommon trap: trap_request=0x00000246 fr.pc=0x000001649975c670 relative=0x0000000000000690
Event: 1.664 Thread 0x0000016487dce7e0 Uncommon trap: reason=unloaded action=reinterpret pc=0x000001649975c670 method=engine.systems.Assets.loadCubeMapFromDDS(Ljava/lang/String;)Lengine/rendering/bindables/CubeMap; @ 258 c2
Event: 1.664 Thread 0x0000016487dce7e0 DEOPT PACKING pc=0x000001649975c670 sp=0x00000062ef3fef20
Event: 1.664 Thread 0x0000016487dce7e0 DEOPT UNPACKING pc=0x00000164991b69a3 sp=0x00000062ef3feec8 mode 2
Event: 1.780 Thread 0x0000016487dce7e0 Uncommon trap: trap_request=0xffffff5c fr.pc=0x0000016499750b08 relative=0x0000000000000068
Event: 1.780 Thread 0x0000016487dce7e0 Uncommon trap: reason=speculate_null_check action=make_not_entrant pc=0x0000016499750b08 method=jdk.internal.misc.Unsafe.putIntUnaligned(Ljava/lang/Object;JIZ)V @ 10 c2
Event: 1.780 Thread 0x0000016487dce7e0 DEOPT PACKING pc=0x0000016499750b08 sp=0x00000062ef3fe8e0
Event: 1.780 Thread 0x0000016487dce7e0 DEOPT UNPACKING pc=0x00000164991b69a3 sp=0x00000062ef3fe830 mode 2
Event: 1.784 Thread 0x0000016487dce7e0 DEOPT PACKING pc=0x0000016491e4ff77 sp=0x00000062ef3feb30
Event: 1.784 Thread 0x0000016487dce7e0 DEOPT UNPACKING pc=0x00000164991b7143 sp=0x00000062ef3fe090 mode 0
Event: 1.784 Thread 0x0000016487dce7e0 Uncommon trap: trap_request=0xffffff45 fr.pc=0x0000016499761b90 relative=0x0000000000000370
Event: 1.784 Thread 0x0000016487dce7e0 Uncommon trap: reason=unstable_if action=reinterpret pc=0x0000016499761b90 method=engine.utils.TextureResolver.loadEmbedded(Ljava/lang/String;Lorg/lwjgl/assimp/AIScene;)Lengine/rendering/bindables/Texture; @ 109 c2
Event: 1.784 Thread 0x0000016487dce7e0 DEOPT PACKING pc=0x0000016499761b90 sp=0x00000062ef3febe0
Event: 1.784 Thread 0x0000016487dce7e0 DEOPT UNPACKING pc=0x00000164991b69a3 sp=0x00000062ef3feb90 mode 2
Event: 1.989 Thread 0x0000016487dce7e0 DEOPT PACKING pc=0x0000016491d559c4 sp=0x00000062ef3febb0
Event: 1.989 Thread 0x0000016487dce7e0 DEOPT UNPACKING pc=0x00000164991b7143 sp=0x00000062ef3fe070 mode 0
Event: 2.343 Thread 0x0000016487dce7e0 DEOPT PACKING pc=0x0000016491e5a3a1 sp=0x00000062ef3fe930
Event: 2.343 Thread 0x0000016487dce7e0 DEOPT UNPACKING pc=0x00000164991b7143 sp=0x00000062ef3fddf8 mode 0
Event: 2.361 Thread 0x0000016487dce7e0 DEOPT PACKING pc=0x0000016491e5b144 sp=0x00000062ef3fe900
Event: 2.361 Thread 0x0000016487dce7e0 DEOPT UNPACKING pc=0x00000164991b7143 sp=0x00000062ef3fdde0 mode 0

Classes loaded (20 events):
Event: 3.537 Loading class jdk/internal/reflect/ByteVectorImpl
Event: 3.537 Loading class jdk/internal/reflect/ByteVector
Event: 3.537 Loading class jdk/internal/reflect/ByteVector done
Event: 3.537 Loading class jdk/internal/reflect/ByteVectorImpl done
Event: 3.537 Loading class jdk/internal/reflect/ClassFileAssembler
Event: 3.537 Loading class jdk/internal/reflect/ClassFileAssembler done
Event: 3.537 Loading class jdk/internal/reflect/UTF8
Event: 3.537 Loading class jdk/internal/reflect/UTF8 done
Event: 3.538 Loading class jdk/internal/reflect/Label
Event: 3.538 Loading class jdk/internal/reflect/Label done
Event: 3.538 Loading class jdk/internal/reflect/Label$PatchInfo
Event: 3.538 Loading class jdk/internal/reflect/Label$PatchInfo done
Event: 3.538 Loading class jdk/internal/reflect/MethodAccessorGenerator$1
Event: 3.538 Loading class jdk/internal/reflect/MethodAccessorGenerator$1 done
Event: 3.538 Loading class jdk/internal/reflect/ClassDefiner
Event: 3.538 Loading class jdk/internal/reflect/ClassDefiner done
Event: 3.538 Loading class jdk/internal/reflect/ClassDefiner$1
Event: 3.538 Loading class jdk/internal/reflect/ClassDefiner$1 done
Event: 3.538 Loading class jdk/internal/reflect/BootstrapConstructorAccessorImpl
Event: 3.538 Loading class jdk/internal/reflect/BootstrapConstructorAccessorImpl done

Classes unloaded (0 events):
No events

Classes redefined (0 events):
No events

Internal exceptions (20 events):
Event: 0.584 Thread 0x0000016487dce7e0 Exception <a 'sun/nio/fs/WindowsException'{0x0000000711619928}> (0x0000000711619928) 
thrown [s\src\hotspot\share\prims\jni.cpp, line 516]
Event: 0.593 Thread 0x0000016487dce7e0 Exception <a 'sun/nio/fs/WindowsException'{0x00000007116258a8}> (0x00000007116258a8) 
thrown [s\src\hotspot\share\prims\jni.cpp, line 516]
Event: 0.593 Thread 0x0000016487dce7e0 Exception <a 'sun/nio/fs/WindowsException'{0x0000000711625b78}> (0x0000000711625b78) 
thrown [s\src\hotspot\share\prims\jni.cpp, line 516]
Event: 0.721 Thread 0x0000016487dce7e0 Exception <a 'java/lang/NoSuchMethodError'{0x0000000711243e40}: 'void java.lang.invoke.DirectMethodHandle$Holder.invokeStatic(java.lang.Object, long, int, int)'> (0x0000000711243e40) 
thrown [s\src\hotspot\share\interpreter\linkResolver.cpp, line 759]
Event: 0.776 Thread 0x0000016487dce7e0 Exception <a 'sun/nio/fs/WindowsException'{0x00000007112eeba8}> (0x00000007112eeba8) 
thrown [s\src\hotspot\share\prims\jni.cpp, line 516]
Event: 0.776 Thread 0x0000016487dce7e0 Exception <a 'sun/nio/fs/WindowsException'{0x00000007112eef28}> (0x00000007112eef28) 
thrown [s\src\hotspot\share\prims\jni.cpp, line 516]
Event: 0.882 Thread 0x0000016487dce7e0 Exception <a 'java/lang/NoSuchMethodError'{0x000000071131e700}: 'java.lang.Object java.lang.invoke.DirectMethodHandle$Holder.newInvokeSpecial(java.lang.Object, long)'> (0x000000071131e700) 
thrown [s\src\hotspot\share\interpreter\linkResolver.cpp, line 759]
Event: 0.948 Thread 0x0000016487dce7e0 Exception <a 'sun/nio/fs/WindowsException'{0x0000000710c40c60}> (0x0000000710c40c60) 
thrown [s\src\hotspot\share\prims\jni.cpp, line 516]
Event: 0.948 Thread 0x0000016487dce7e0 Exception <a 'sun/nio/fs/WindowsException'{0x0000000710c40fe0}> (0x0000000710c40fe0) 
thrown [s\src\hotspot\share\prims\jni.cpp, line 516]
Event: 1.020 Thread 0x0000016487dce7e0 Exception <a 'java/lang/NoSuchMethodError'{0x000000071086cb68}: 'java.lang.Object java.lang.invoke.DirectMethodHandle$Holder.invokeStaticInit(java.lang.Object, int, int, int, int)'> (0x000000071086cb68) 
thrown [s\src\hotspot\share\interpreter\linkResolver.cpp, line 759]
Event: 1.070 Thread 0x0000016487dce7e0 Exception <a 'java/lang/NoSuchMethodError'{0x000000071088c430}: 'java.lang.Object java.lang.invoke.DirectMethodHandle$Holder.invokeStaticInit(java.lang.Object, java.lang.Object, int, int, int, int)'> (0x000000071088c430) 
thrown [s\src\hotspot\share\interpreter\linkResolver.cpp, line 759]
Event: 1.091 Thread 0x0000016487dce7e0 Exception <a 'sun/nio/fs/WindowsException'{0x00000007109336c8}> (0x00000007109336c8) 
thrown [s\src\hotspot\share\prims\jni.cpp, line 516]
Event: 1.091 Thread 0x0000016487dce7e0 Exception <a 'sun/nio/fs/WindowsException'{0x0000000710933a40}> (0x0000000710933a40) 
thrown [s\src\hotspot\share\prims\jni.cpp, line 516]
Event: 1.132 Thread 0x0000016487dce7e0 Exception <a 'sun/nio/fs/WindowsException'{0x0000000710944568}> (0x0000000710944568) 
thrown [s\src\hotspot\share\prims\jni.cpp, line 516]
Event: 1.132 Thread 0x0000016487dce7e0 Exception <a 'sun/nio/fs/WindowsException'{0x00000007109448e8}> (0x00000007109448e8) 
thrown [s\src\hotspot\share\prims\jni.cpp, line 516]
Event: 1.190 Thread 0x0000016487dce7e0 Exception <a 'java/lang/NoSuchMethodError'{0x0000000711c59f78}: 'java.lang.Object java.lang.invoke.DirectMethodHandle$Holder.invokeStatic(java.lang.Object, int, int)'> (0x0000000711c59f78) 
thrown [s\src\hotspot\share\interpreter\linkResolver.cpp, line 759]
Event: 1.283 Thread 0x0000016487dce7e0 Exception <a 'java/lang/NoSuchMethodError'{0x0000000711a1ce98}: 'java.lang.Object java.lang.invoke.DirectMethodHandle$Holder.invokeStaticInit(java.lang.Object, float, float, float, float)'> (0x0000000711a1ce98) 
thrown [s\src\hotspot\share\interpreter\linkResolver.cpp, line 759]
Event: 1.284 Thread 0x0000016487dce7e0 Exception <a 'java/lang/NoSuchMethodError'{0x0000000711a22fe0}: 'java.lang.Object java.lang.invoke.DirectMethodHandle$Holder.newInvokeSpecial(java.lang.Object, float, float, float, float)'> (0x0000000711a22fe0) 
thrown [s\src\hotspot\share\interpreter\linkResolver.cpp, line 759]
Event: 3.568 Thread 0x0000016487dce7e0 Exception <a 'java/lang/NoSuchMethodError'{0x00000007103a92b0}: 'java.lang.Object java.lang.invoke.DirectMethodHandle$Holder.invokeStatic(java.lang.Object, int, java.lang.Object)'> (0x00000007103a92b0) 
thrown [s\src\hotspot\share\interpreter\linkResolver.cpp, line 759]
Event: 3.568 Thread 0x0000016487dce7e0 Exception <a 'java/lang/NoSuchMethodError'{0x00000007103af620}: 'java.lang.Object java.lang.invoke.DirectMethodHandle$Holder.newInvokeSpecial(java.lang.Object, int, java.lang.Object)'> (0x00000007103af620) 
thrown [s\src\hotspot\share\interpreter\linkResolver.cpp, line 759]

VM Operations (16 events):
Event: 0.136 Executing VM operation: HandshakeAllThreads
Event: 0.136 Executing VM operation: HandshakeAllThreads done
Event: 0.245 Executing VM operation: HandshakeAllThreads
Event: 0.245 Executing VM operation: HandshakeAllThreads done
Event: 0.310 Executing VM operation: HandshakeAllThreads
Event: 0.310 Executing VM operation: HandshakeAllThreads done
Event: 1.025 Executing VM operation: HandshakeAllThreads
Event: 1.025 Executing VM operation: HandshakeAllThreads done
Event: 1.180 Executing VM operation: G1CollectForAllocation
Event: 1.184 Executing VM operation: G1CollectForAllocation done
Event: 1.363 Executing VM operation: G1TryInitiateConcMark
Event: 1.366 Executing VM operation: G1TryInitiateConcMark done
Event: 2.369 Executing VM operation: Cleanup
Event: 2.370 Executing VM operation: Cleanup done
Event: 3.383 Executing VM operation: Cleanup
Event: 3.383 Executing VM operation: Cleanup done

Memory protections (0 events):
No events

Nmethod flushes (0 events):
No events

Events (16 events):
Event: 0.033 Thread 0x0000016487dce7e0 Thread added: 0x0000016487dce7e0
Event: 0.036 Thread 0x0000016487dce7e0 Thread added: 0x00000164f2009870
Event: 0.036 Thread 0x0000016487dce7e0 Thread added: 0x00000164acf9af00
Event: 0.046 Thread 0x0000016487dce7e0 Thread added: 0x00000164f201b190
Event: 0.046 Thread 0x0000016487dce7e0 Thread added: 0x00000164f201fb70
Event: 0.047 Thread 0x0000016487dce7e0 Thread added: 0x00000164f2020530
Event: 0.047 Thread 0x0000016487dce7e0 Thread added: 0x00000164f2023510
Event: 0.047 Thread 0x0000016487dce7e0 Thread added: 0x00000164f20242b0
Event: 0.047 Thread 0x0000016487dce7e0 Thread added: 0x00000164f2039960
Event: 0.047 Thread 0x0000016487dce7e0 Thread added: 0x00000164f203b670
Event: 0.103 Thread 0x0000016487dce7e0 Thread added: 0x00000164f2170070
Event: 0.113 Thread 0x0000016487dce7e0 Thread added: 0x00000164f21a0810
Event: 0.600 Thread 0x00000164f2039960 Thread added: 0x00000164f2481430
Event: 0.610 Thread 0x00000164f2039960 Thread added: 0x00000164f29ca170
Event: 0.881 Thread 0x00000164f29ca170 Thread exited: 0x00000164f29ca170
Event: 0.882 Thread 0x00000164f2481430 Thread exited: 0x00000164f2481430


Dynamic libraries:
0x00007ff697230000 - 0x00007ff69723e000 	C:\Users\sarao\.jdks\ms-17.0.19\bin\java.exe
0x00007ffc1d860000 - 0x00007ffc1dac7000 	C:\WINDOWS\SYSTEM32\ntdll.dll
0x00007ffc1c660000 - 0x00007ffc1c729000 	C:\WINDOWS\System32\KERNEL32.DLL
0x00007ffc1a970000 - 0x00007ffc1ad67000 	C:\WINDOWS\System32\KERNELBASE.dll
0x00007ffc1a5a0000 - 0x00007ffc1a6eb000 	C:\WINDOWS\System32\ucrtbase.dll
0x00007ffbe8a20000 - 0x00007ffbe8a38000 	C:\Users\sarao\.jdks\ms-17.0.19\bin\jli.dll
0x00007ffbd88f0000 - 0x00007ffbd890e000 	C:\Users\sarao\.jdks\ms-17.0.19\bin\VCRUNTIME140.dll
0x00007ffc1c7e0000 - 0x00007ffc1c9a6000 	C:\WINDOWS\System32\USER32.dll
0x00007ffbff2a0000 - 0x00007ffbff532000 	C:\WINDOWS\WinSxS\amd64_microsoft.windows.common-controls_6595b64144ccf1df_6.0.26100.8457_none_3e0b2faee331e92d\COMCTL32.dll
0x00007ffc1a570000 - 0x00007ffc1a597000 	C:\WINDOWS\System32\win32u.dll
0x00007ffc1c2b0000 - 0x00007ffc1c2db000 	C:\WINDOWS\System32\GDI32.dll
0x00007ffc1c730000 - 0x00007ffc1c7d9000 	C:\WINDOWS\System32\msvcrt.dll
0x00007ffc1a840000 - 0x00007ffc1a96c000 	C:\WINDOWS\System32\gdi32full.dll
0x00007ffc1a340000 - 0x00007ffc1a3e3000 	C:\WINDOWS\System32\msvcp_win.dll
0x00007ffc1d470000 - 0x00007ffc1d4a2000 	C:\WINDOWS\System32\IMM32.DLL
0x00007ffbe6fc0000 - 0x00007ffbe6fcc000 	C:\Users\sarao\.jdks\ms-17.0.19\bin\vcruntime140_1.dll
0x00007ffbd8790000 - 0x00007ffbd8819000 	C:\Users\sarao\.jdks\ms-17.0.19\bin\msvcp140.dll
0x00007ffb59b00000 - 0x00007ffb5a77b000 	C:\Users\sarao\.jdks\ms-17.0.19\bin\server\jvm.dll
0x00007ffc1c020000 - 0x00007ffc1c0d6000 	C:\WINDOWS\System32\ADVAPI32.dll
0x00007ffc1c0e0000 - 0x00007ffc1c187000 	C:\WINDOWS\System32\sechost.dll
0x00007ffc1c190000 - 0x00007ffc1c2a8000 	C:\WINDOWS\System32\RPCRT4.dll
0x00007ffc1be90000 - 0x00007ffc1bf10000 	C:\WINDOWS\System32\WS2_32.dll
0x00007ffc1a0f0000 - 0x00007ffc1a14e000 	C:\WINDOWS\SYSTEM32\POWRPROF.dll
0x00007ffc08790000 - 0x00007ffc087c6000 	C:\WINDOWS\SYSTEM32\WINMM.dll
0x00007ffc12b20000 - 0x00007ffc12b2b000 	C:\WINDOWS\SYSTEM32\VERSION.dll
0x00007ffc1a0d0000 - 0x00007ffc1a0e4000 	C:\WINDOWS\SYSTEM32\UMPDC.dll
0x00007ffc18ff0000 - 0x00007ffc1900b000 	C:\WINDOWS\SYSTEM32\kernel.appcore.dll
0x00007ffbd89a0000 - 0x00007ffbd89aa000 	C:\Users\sarao\.jdks\ms-17.0.19\bin\jimage.dll
0x00007ffc17ba0000 - 0x00007ffc17de2000 	C:\WINDOWS\SYSTEM32\DBGHELP.DLL
0x00007ffc1d090000 - 0x00007ffc1d413000 	C:\WINDOWS\System32\combase.dll
0x00007ffc1cb20000 - 0x00007ffc1cbf9000 	C:\WINDOWS\System32\OLEAUT32.dll
0x00007ffbec4e0000 - 0x00007ffbec51b000 	C:\WINDOWS\SYSTEM32\dbgcore.DLL
0x00007ffc1a290000 - 0x00007ffc1a338000 	C:\WINDOWS\System32\bcryptPrimitives.dll
0x00007ffbd88b0000 - 0x00007ffbd88d6000 	C:\Users\sarao\.jdks\ms-17.0.19\bin\java.dll
0x00007ffbd6230000 - 0x00007ffbd6306000 	C:\Users\sarao\.jdks\ms-17.0.19\bin\jsvml.dll
0x00007ffc1b680000 - 0x00007ffc1bdee000 	C:\WINDOWS\System32\SHELL32.dll
0x00007ffc1ad70000 - 0x00007ffc1b5dc000 	C:\WINDOWS\System32\windows.storage.dll
0x00007ffc1d720000 - 0x00007ffc1d816000 	C:\WINDOWS\System32\SHCORE.dll
0x00007ffc1d4c0000 - 0x00007ffc1d526000 	C:\WINDOWS\System32\shlwapi.dll
0x00007ffc1a1b0000 - 0x00007ffc1a1d9000 	C:\WINDOWS\SYSTEM32\profapi.dll
0x00007ffbd6210000 - 0x00007ffbd622b000 	C:\Users\sarao\.jdks\ms-17.0.19\bin\net.dll
0x00007ffc0d550000 - 0x00007ffc0d679000 	C:\WINDOWS\SYSTEM32\WINHTTP.dll
0x00007ffc19570000 - 0x00007ffc195dc000 	C:\WINDOWS\system32\mswsock.dll
0x00007ffbd61f0000 - 0x00007ffbd6206000 	C:\Users\sarao\.jdks\ms-17.0.19\bin\nio.dll
0x00007ffbd8650000 - 0x00007ffbd8668000 	C:\Users\sarao\.jdks\ms-17.0.19\bin\zip.dll
0x00007ffbec370000 - 0x00007ffbec3eb000 	C:\Users\sarao\AppData\Local\Temp\lwjgl_sarao\3.3.3+5\x64\lwjgl.dll
0x00007ffbd9d90000 - 0x00007ffbd9e12000 	C:\Users\sarao\AppData\Local\Temp\lwjgl_sarao\3.3.3+5\x64\glfw.dll
0x00007ffbebb10000 - 0x00007ffbebb5b000 	C:\WINDOWS\SYSTEM32\dinput8.dll
0x00007ffc11ac0000 - 0x00007ffc11adc000 	C:\WINDOWS\SYSTEM32\xinput1_4.dll
0x00007ffc19e00000 - 0x00007ffc19e51000 	C:\WINDOWS\SYSTEM32\cfgmgr32.dll
0x00007ffc19dd0000 - 0x00007ffc19dfd000 	C:\WINDOWS\SYSTEM32\DEVOBJ.dll
0x00007ffc17df0000 - 0x00007ffc17e1f000 	C:\WINDOWS\SYSTEM32\dwmapi.dll
0x00007ffbf3c20000 - 0x00007ffbf3e03000 	C:\WINDOWS\SYSTEM32\inputhost.dll
0x00007ffc166f0000 - 0x00007ffc16817000 	C:\WINDOWS\SYSTEM32\CoreMessaging.dll
0x00007ffc16e30000 - 0x00007ffc16eda000 	C:\WINDOWS\system32\uxtheme.dll
0x00007ffc1c360000 - 0x00007ffc1c4bc000 	C:\WINDOWS\System32\MSCTF.dll
0x00007ffc19890000 - 0x00007ffc1989c000 	C:\WINDOWS\SYSTEM32\CRYPTBASE.DLL
0x00007ffbda940000 - 0x00007ffbdaa4f000 	C:\WINDOWS\SYSTEM32\opengl32.dll
0x00007ffc0f700000 - 0x00007ffc0f72d000 	C:\WINDOWS\SYSTEM32\GLU32.dll
0x00007ffc17860000 - 0x00007ffc178a5000 	C:\WINDOWS\SYSTEM32\dxcore.dll
0x00007ffc0a380000 - 0x00007ffc0a39d000 	C:\WINDOWS\SYSTEM32\windows.staterepositorycore.dll
0x00007ffb94660000 - 0x00007ffb96ef6000 	C:\WINDOWS\System32\DriverStore\FileRepository\nvlti.inf_amd64_4bd2a3580753f54d\nvoglv64.dll
0x00007ffc1cc00000 - 0x00007ffc1d087000 	C:\WINDOWS\System32\SETUPAPI.dll
0x00007ffc1c4c0000 - 0x00007ffc1c657000 	C:\WINDOWS\System32\ole32.dll
0x00007ffc16ae0000 - 0x00007ffc16b09000 	C:\WINDOWS\SYSTEM32\WTSAPI32.dll
0x00007ffc1a3f0000 - 0x00007ffc1a568000 	C:\WINDOWS\System32\CRYPT32.dll
0x00007ffc19290000 - 0x00007ffc192d9000 	C:\WINDOWS\SYSTEM32\SspiCli.dll
0x00007ffc198e0000 - 0x00007ffc198f3000 	C:\WINDOWS\SYSTEM32\msasn1.dll
0x00007ffc0b600000 - 0x00007ffc0b63b000 	C:\WINDOWS\SYSTEM32\cryptnet.dll
0x00007ffc19950000 - 0x00007ffc199ba000 	C:\WINDOWS\SYSTEM32\wldp.dll
0x00007ffc0b3d0000 - 0x00007ffc0b548000 	C:\WINDOWS\SYSTEM32\drvstore.dll
0x00007ffc1a6f0000 - 0x00007ffc1a772000 	C:\WINDOWS\System32\WINTRUST.dll
0x00007ffc19110000 - 0x00007ffc19146000 	C:\WINDOWS\SYSTEM32\ntmarta.dll
0x00007ffc1ca30000 - 0x00007ffc1ca50000 	C:\WINDOWS\System32\imagehlp.dll
0x00007ffc19870000 - 0x00007ffc1988b000 	C:\WINDOWS\System32\CRYPTSP.dll
0x00007ffc18f40000 - 0x00007ffc18f79000 	C:\WINDOWS\system32\rsaenh.dll
0x00007ffc1a180000 - 0x00007ffc1a1aa000 	C:\WINDOWS\System32\bcrypt.dll
0x00007ffc00c30000 - 0x00007ffc046e1000 	C:\WINDOWS\System32\DriverStore\FileRepository\nvlti.inf_amd64_4bd2a3580753f54d\nvgpucomp64.dll
0x00007ffbd5a90000 - 0x00007ffbd5bd7000 	C:\WINDOWS\system32\nvspcap64.dll
0x00007ffc19e90000 - 0x00007ffc19ef2000 	C:\WINDOWS\SYSTEM32\WINSTA.dll
0x00007ffbd4940000 - 0x00007ffbd499e000 	C:\Users\sarao\AppData\Local\Temp\lwjgl_sarao\3.3.3+5\x64\lwjgl_opengl.dll
0x00007ffbf3840000 - 0x00007ffbf3986000 	C:\WINDOWS\SYSTEM32\textinputframework.dll
0x00007ffc12b60000 - 0x00007ffc12e42000 	C:\WINDOWS\SYSTEM32\CoreUIComponents.dll
0x00007ffc142e0000 - 0x00007ffc1444a000 	C:\WINDOWS\SYSTEM32\wintypes.dll
0x00007ffbf6650000 - 0x00007ffbf66c6000 	C:\WINDOWS\system32\Oleacc.dll
0x00007ffbae950000 - 0x00007ffbaeb17000 	C:\Users\sarao\AppData\Local\Temp\lwjgl_sarao\3.3.3+5\x64\OpenAL.dll
0x00007ffc1ca60000 - 0x00007ffc1cb0e000 	C:\WINDOWS\System32\clbcatq.dll
0x00007ffc12100000 - 0x00007ffc12199000 	C:\WINDOWS\System32\MMDevApi.dll
0x00007ffc09ba0000 - 0x00007ffc09d53000 	C:\WINDOWS\SYSTEM32\AUDIOSES.DLL
0x00007ffc17e80000 - 0x00007ffc17e94000 	C:\WINDOWS\SYSTEM32\resourcepolicyclient.dll
0x00007ffbd48b0000 - 0x00007ffbd4932000 	C:\Users\sarao\AppData\Local\Temp\lwjgl_sarao\3.3.3+5\x64\lwjgl_stb.dll
0x00007ffc19620000 - 0x00007ffc19653000 	C:\WINDOWS\SYSTEM32\USERENV.dll
0x00007ffc189d0000 - 0x00007ffc18a02000 	C:\WINDOWS\SYSTEM32\IPHLPAPI.DLL
0x00007ffc1d710000 - 0x00007ffc1d71a000 	C:\WINDOWS\System32\NSI.dll
0x00007ffc10760000 - 0x00007ffc1077d000 	C:\WINDOWS\SYSTEM32\dhcpcsvc6.DLL
0x00007ffc10620000 - 0x00007ffc10645000 	C:\WINDOWS\SYSTEM32\dhcpcsvc.DLL
0x00007ffc18a60000 - 0x00007ffc18b92000 	C:\WINDOWS\SYSTEM32\DNSAPI.dll
0x00007ffbae7d0000 - 0x00007ffbae94a000 	C:\Users\sarao\AppData\Local\Temp\lwjgl_sarao\3.3.3+5\x64\draco.dll
0x00007ffbae200000 - 0x00007ffbae7d0000 	C:\Users\sarao\AppData\Local\Temp\lwjgl_sarao\3.3.3+5\x64\assimp.dll
0x00007ffbd7950000 - 0x00007ffbd79ae000 	C:\WINDOWS\system32\ApplicationTargetedFeatureDatabase.dll
0x00007ffc0c2c0000 - 0x00007ffc0c50e000 	C:\Windows\System32\twinapi.appcore.dll

dbghelp: loaded successfully - version: 4.0.5 - missing functions: none
symbol engine: initialized successfully - sym options: 0x614 - pdb path: .;C:\Users\sarao\.jdks\ms-17.0.19\bin;C:\WINDOWS\SYSTEM32;C:\WINDOWS\WinSxS\amd64_microsoft.windows.common-controls_6595b64144ccf1df_6.0.26100.8457_none_3e0b2faee331e92d;C:\Users\sarao\.jdks\ms-17.0.19\bin\server;C:\Users\sarao\AppData\Local\Temp\lwjgl_sarao\3.3.3+5\x64;C:\WINDOWS\System32\DriverStore\FileRepository\nvlti.inf_amd64_4bd2a3580753f54d

VM Arguments:
jvm_args: -Dfile.encoding=UTF-8 -Duser.country=ES -Duser.language=es -Duser.variant 
java_command: engine.MainKt
java_class_path (initial): D:\projects\KTEngine\build\classes\java\main;D:\projects\KTEngine\build\classes\kotlin\main;D:\projects\KTEngine\build\resources\main;C:\Users\sarao\.gradle\caches\modules-2\files-2.1\io.github.kotlin-graphics\glm\0.9.9.1-12\56d9eb02aa5b6fbe49813f063443db076733cd67\glm-0.9.9.1-12.jar;C:\Users\sarao\.gradle\caches\modules-2\files-2.1\org.jetbrains.kotlin\kotlin-stdlib-jdk8\1.8.10\7c002ac41f547a82e81dfebd2a20577a738dbf3f\kotlin-stdlib-jdk8-1.8.10.jar;C:\Users\sarao\.gradle\caches\modules-2\files-2.1\org.jetbrains.kotlin\kotlin-stdlib-jdk7\1.8.10\cb726a23c808a850a43e7d6b9d1ba91b02fe9f05\kotlin-stdlib-jdk7-1.8.10.jar;C:\Users\sarao\.gradle\caches\modules-2\files-2.1\org.jetbrains.kotlin\kotlin-stdlib\2.3.20\ed866de74ad3d49086a27bbd75952cd186479436\kotlin-stdlib-2.3.20.jar;C:\Users\sarao\.gradle\caches\modules-2\files-2.1\org.lwjgl\lwjgl-assimp\3.3.3\c2c34011cbda30ed8cf98bc5cbf97b49afe5279a\lwjgl-assimp-3.3.3.jar;C:\Users\sarao\.gradle\caches\modules-2\files-2.1\org.lwjgl\lwjgl-assimp\3.3.3\d90ccdade594716062975cffd1431d387f770ac4\lwjgl-assimp-3.3.3-natives-windows.jar;C:\Users\sarao\.gradle\caches\modules-2\files-2.1\org.lwjgl\lwjgl-glfw\3.3.3\efa1eb78c5ccd840e9f329717109b5e892d72f8e\lwjgl-glfw-3.3.3.jar;C:\Users\sarao\.gradle\caches\modules-2\files-2.1\org.lwjgl\lwjgl-glfw\3.3.3\e449e28b4891fc423c54c85fbc5bb0b9efece67a\lwjgl-glfw-3.3.3-natives-windows.jar;C:\Users\sarao\.gradle\caches\modules-2\files-2.1\org.lwjgl\lwjgl-openal\3.3.3\daada81ceb5fc0c291fbfdd4433cb8d9423577f2\lwjgl-openal-3.3.3.jar;C:\Users\sarao\.gradle\caches\modules-2\files-2.1\org.lwjgl\lwjgl-openal\3.3.3\cf83862ae95d98496b26915024c7e666d8ab1c8f\lwjgl-openal-3.3.3-natives-windows.jar;C:\Users\sarao\.gradle\caches\modules-2\files-2.1\org.lwjgl\lwjgl-opengl\3.3.3\2f6b0147078396a58979125a4c947664e98293a\lwjgl-opengl-3.3.3.jar;C:\Users\sarao\.gradle\caches\modules-2\files-2.1\org.lwjgl\lwjgl-opengl\3.3.3\e6c1eec8be8a71951b830a4d69efc01c6531900c\lwjgl-opengl-3.3.3-natives-windo
Launcher Type: SUN_STANDARD

[Global flags]
     intx CICompilerCount                          = 4                                         {product} {ergonomic}
     uint ConcGCThreads                            = 2                                         {product} {ergonomic}
     uint G1ConcRefinementThreads                  = 8                                         {product} {ergonomic}
   size_t G1HeapRegionSize                         = 2097152                                   {product} {ergonomic}
    uintx GCDrainStackTargetSize                   = 64                                        {product} {ergonomic}
   size_t InitialHeapSize                          = 266338304                                 {product} {ergonomic}
   size_t MarkStackSize                            = 4194304                                   {product} {ergonomic}
   size_t MaxHeapSize                              = 4261412864                                {product} {ergonomic}
   size_t MaxNewSize                               = 2556428288                                {product} {ergonomic}
   size_t MinHeapDeltaBytes                        = 2097152                                   {product} {ergonomic}
   size_t MinHeapSize                              = 8388608                                   {product} {ergonomic}
    uintx NonNMethodCodeHeapSize                   = 5839372                                {pd product} {ergonomic}
    uintx NonProfiledCodeHeapSize                  = 122909434                              {pd product} {ergonomic}
    uintx ProfiledCodeHeapSize                     = 122909434                              {pd product} {ergonomic}
    uintx ReservedCodeCacheSize                    = 251658240                              {pd product} {ergonomic}
     bool SegmentedCodeCache                       = true                                      {product} {ergonomic}
   size_t SoftMaxHeapSize                          = 4261412864                             {manageable} {ergonomic}
     bool UseCompressedClassPointers               = true                           {product lp64_product} {ergonomic}
     bool UseCompressedOops                        = true                           {product lp64_product} {ergonomic}
     bool UseG1GC                                  = true                                      {product} {ergonomic}
     bool UseLargePagesIndividualAllocation        = false                                  {pd product} {ergonomic}

Logging:
Log output configuration:
 #0: stdout all=warning uptime,level,tags
 #1: stderr all=off uptime,level,tags

Environment Variables:
PATH=C:\Program Files\ImageMagick-7.1.2-Q16-HDRI;C:\Program Files (x86)\Common Files\Oracle\Java\java8path;C:\Program Files (x86)\Common Files\Oracle\Java\javapath;C:\Program Files\glzr.io\GlazeWM\\cli;C:\WINDOWS\system32;C:\WINDOWS;C:\WINDOWS\System32\Wbem;C:\WINDOWS\System32\WindowsPowerShell\v1.0\;C:\WINDOWS\System32\OpenSSH\;C:\ProgramData\chocolatey\bin;C:\Program Files\Git\cmd;C:\Program Files\dotnet\;C:\Program Files\NVIDIA Corporation\NVIDIA App\NvDLISR;C:\Program Files (x86)\NVIDIA Corporation\PhysX\Common;C:\Users\sarao\AppData\Local\Programs\Python\Python310\python.exe;D:\areas\dev\nodejs\;C:\Program Files\gs\gs10.05.1\bin;C:\Program Files\Prince\engine\bin;C:\Program Files (x86)\Windows Kits\10\Windows Performance Toolkit\;C:\Users\sarao\AppData\Local\Programs\Python\Launcher\;C:\Users\sarao\AppData\Local\Programs\Python\Python310\Scripts\;C:\Users\sarao\AppData\Local\Programs\Python\Python310\;C:\Users\sarao\AppData\Local\Programs\Python\Python313\Scripts\;C:\Users\sarao\AppData\Local\Programs\Python\Python313\;C:\Users\sarao\scoop\apps\llvm\current\bin;C:\Users\sarao\scoop\shims;C:\Users\sarao\AppData\Local\Microsoft\WindowsApps;D:\areas\dev\vscode\Microsoft VS Code\bin;C:\Users\sarao\.dotnet\tools;D:\areas\dev\windsurf\bin;C:\Users\sarao\AppData\Roaming\npm;C:\Users\sarao\AppData\Local\Programs\MiKTeX\miktex\bin\x64\;D:\areas\dev\rider\JetBrains Rider 2025.2.2.1\bin;C:\Users\sarao\AppData\Local\Microsoft\WinGet\Links;D:\areas\dev\intellij\IntelliJ IDEA 2026.1.2\bin
USERNAME=sarao
OS=Windows_NT
PROCESSOR_IDENTIFIER=Intel64 Family 6 Model 165 Stepping 2, GenuineIntel
TMP=C:\Users\sarao\AppData\Local\Temp
TEMP=C:\Users\sarao\AppData\Local\Temp



Periodic native trim disabled


---------------  S Y S T E M  ---------------

OS:
 Windows 11 , 64 bit Build 26100 (10.0.26100.8328)
OS uptime: 0 days 15:09 hours
Hyper-V role detected

CPU: total 8 (initial active 8) (4 cores per cpu, 2 threads per core) family 6 model 165 stepping 2 microcode 0xf0, cx8, cmov, fxsr, ht, mmx, 3dnowpref, sse, sse2, sse3, ssse3, sse4.1, sse4.2, popcnt, lzcnt, tsc, tscinvbit, avx, avx2, aes, erms, clmul, bmi1, bmi2, adx, fma, vzeroupper, clflush, clflushopt, hv
Processor Information for the first 8 processors :
  Max Mhz: 2496, Current Mhz: 2496, Mhz Limit: 2496

Memory: 4k page, system-wide physical 16251M (2221M free)
TotalPageFile size 29563M (AvailPageFile size 11874M)
current process WorkingSet (physical memory assigned to process): 629M, peak: 630M
current process commit charge ("private bytes"): 1130M, peak: 1130M

vm_info: OpenJDK 64-Bit Server VM (17.0.19+10-LTS) for windows-amd64 JRE (17.0.19+10-LTS), built on Apr 18 2026 18:24:40 by "MicrosoftCorporation" with MS VC++ 17.14 (VS2022)

END.
